127.0.0.1 - - [24/Feb/2023:09:29:16 +0900] "GET / HTTP/1.1" 404 807
127.0.0.1 - - [24/Feb/2023:09:29:38 +0900] "GET / HTTP/1.1" 404 807
0:0:0:0:0:0:0:1 - - [24/Feb/2023:09:29:53 +0900] "GET /springweb HTTP/1.1" 302 -
0:0:0:0:0:0:0:1 - - [24/Feb/2023:09:29:54 +0900] "GET /springweb/ HTTP/1.1" 200 183
0:0:0:0:0:0:0:1 - - [24/Feb/2023:09:29:54 +0900] "GET /favicon.ico HTTP/1.1" 404 818
0:0:0:0:0:0:0:1 - - [24/Feb/2023:09:38:31 +0900] "GET /springweb/testController01 HTTP/1.1" 404 837
127.0.0.1 - - [24/Feb/2023:09:38:41 +0900] "GET / HTTP/1.1" 404 807
0:0:0:0:0:0:0:1 - - [24/Feb/2023:09:38:49 +0900] "GET /springweb/testController01 HTTP/1.1" 404 837
0:0:0:0:0:0:0:1 - - [24/Feb/2023:09:38:50 +0900] "GET /springweb/testController01 HTTP/1.1" 404 837
127.0.0.1 - - [24/Feb/2023:09:43:01 +0900] "GET / HTTP/1.1" 404 807
0:0:0:0:0:0:0:1 - - [24/Feb/2023:09:43:12 +0900] "GET /springweb/testController01 HTTP/1.1" 404 837
0:0:0:0:0:0:0:1 - - [24/Feb/2023:09:43:13 +0900] "GET /springweb/testController01 HTTP/1.1" 404 837
0:0:0:0:0:0:0:1 - - [24/Feb/2023:09:43:14 +0900] "GET /springweb/testController01 HTTP/1.1" 404 837
0:0:0:0:0:0:0:1 - - [24/Feb/2023:09:43:14 +0900] "GET /springweb/testController01 HTTP/1.1" 404 837
0:0:0:0:0:0:0:1 - - [24/Feb/2023:09:43:15 +0900] "GET /springweb/testController01 HTTP/1.1" 404 837
127.0.0.1 - - [24/Feb/2023:09:46:00 +0900] "GET / HTTP/1.1" 404 807
0:0:0:0:0:0:0:1 - - [24/Feb/2023:09:46:08 +0900] "GET /springweb/ HTTP/1.1" 200 183
0:0:0:0:0:0:0:1 - - [24/Feb/2023:09:46:12 +0900] "GET /springweb/testController01 HTTP/1.1" 404 837
0:0:0:0:0:0:0:1 - - [24/Feb/2023:09:46:37 +0900] "GET /springweb/testController01 HTTP/1.1" 404 837
127.0.0.1 - - [24/Feb/2023:09:46:47 +0900] "GET / HTTP/1.1" 404 807
0:0:0:0:0:0:0:1 - - [24/Feb/2023:09:46:51 +0900] "GET /springweb/testController01 HTTP/1.1" 404 834
127.0.0.1 - - [24/Feb/2023:09:47:46 +0900] "GET / HTTP/1.1" 404 807
0:0:0:0:0:0:0:1 - - [24/Feb/2023:09:47:52 +0900] "GET /springweb/testController01 HTTP/1.1" 200 172
127.0.0.1 - - [24/Feb/2023:10:07:27 +0900] "GET / HTTP/1.1" 404 807
127.0.0.1 - - [24/Feb/2023:10:07:50 +0900] "GET / HTTP/1.1" 404 807
0:0:0:0:0:0:0:1 - - [24/Feb/2023:10:08:00 +0900] "GET /springweb/testController02/info HTTP/1.1" 200 175
127.0.0.1 - - [24/Feb/2023:10:45:36 +0900] "GET / HTTP/1.1" 404 807
0:0:0:0:0:0:0:1 - - [24/Feb/2023:10:45:40 +0900] "GET /springweb/testController05 HTTP/1.1" 500 10777
127.0.0.1 - - [24/Feb/2023:10:46:05 +0900] "GET / HTTP/1.1" 404 807
0:0:0:0:0:0:0:1 - - [24/Feb/2023:10:46:06 +0900] "GET /springweb/testController05 HTTP/1.1" 500 10777
127.0.0.1 - - [24/Feb/2023:10:47:08 +0900] "GET / HTTP/1.1" 404 807
0:0:0:0:0:0:0:1 - - [24/Feb/2023:10:47:14 +0900] "GET /springweb/testController05 HTTP/1.1" 500 10777
0:0:0:0:0:0:0:1 - - [24/Feb/2023:10:47:15 +0900] "GET /springweb/testController05 HTTP/1.1" 500 10777
127.0.0.1 - - [24/Feb/2023:11:33:30 +0900] "GET / HTTP/1.1" 404 807
0:0:0:0:0:0:0:1 - - [24/Feb/2023:11:34:08 +0900] "GET /springweb/resources/sample01/testController06.html HTTP/1.1" 500 10777
127.0.0.1 - - [24/Feb/2023:11:35:06 +0900] "GET / HTTP/1.1" 404 807
0:0:0:0:0:0:0:1 - - [24/Feb/2023:11:35:13 +0900] "GET /springweb/resources/sample01/testController06.html HTTP/1.1" 500 10777
0:0:0:0:0:0:0:1 - - [24/Feb/2023:11:36:57 +0900] "GET /springweb/resources/sample01/testController06.html HTTP/1.1" 500 10777
127.0.0.1 - - [24/Feb/2023:11:48:52 +0900] "GET / HTTP/1.1" 404 807
0:0:0:0:0:0:0:1 - - [24/Feb/2023:11:49:17 +0900] "GET /springweb/testController07 HTTP/1.1" 500 10777
127.0.0.1 - - [24/Feb/2023:11:51:45 +0900] "GET / HTTP/1.1" 404 807
0:0:0:0:0:0:0:1 - - [24/Feb/2023:11:51:48 +0900] "GET /springweb/testController07 HTTP/1.1" 500 10777
127.0.0.1 - - [24/Feb/2023:11:52:50 +0900] "GET / HTTP/1.1" 404 807
0:0:0:0:0:0:0:1 - - [24/Feb/2023:11:52:56 +0900] "GET /springweb/123 HTTP/1.1" 500 10777
127.0.0.1 - - [24/Feb/2023:11:55:15 +0900] "GET / HTTP/1.1" 404 807
127.0.0.1 - - [24/Feb/2023:11:56:08 +0900] "GET / HTTP/1.1" 404 807
127.0.0.1 - - [24/Feb/2023:11:57:18 +0900] "GET / HTTP/1.1" 404 807
0:0:0:0:0:0:0:1 - - [24/Feb/2023:11:57:29 +0900] "GET /springweb/123 HTTP/1.1" 200 447
127.0.0.1 - - [24/Feb/2023:14:23:06 +0900] "GET / HTTP/1.1" 404 807
0:0:0:0:0:0:0:1 - - [24/Feb/2023:14:23:13 +0900] "GET /springweb/testController08 HTTP/1.1" 404 837
127.0.0.1 - - [24/Feb/2023:14:49:13 +0900] "GET / HTTP/1.1" 404 807
0:0:0:0:0:0:0:1 - - [24/Feb/2023:14:50:00 +0900] "GET /springweb/resources/sample01/testController08.html HTTP/1.1" 200 395
127.0.0.1 - - [24/Feb/2023:15:00:38 +0900] "GET / HTTP/1.1" 404 807
0:0:0:0:0:0:0:1 - - [24/Feb/2023:15:00:46 +0900] "GET /springweb/resources/sample01/testController08.html HTTP/1.1" 200 399
0:0:0:0:0:0:0:1 - - [24/Feb/2023:15:00:52 +0900] "POST /springweb/testController08/userEL HTTP/1.1" 404 847
0:0:0:0:0:0:0:1 - - [24/Feb/2023:15:01:58 +0900] "GET / HTTP/1.1" 404 807
0:0:0:0:0:0:0:1 - - [24/Feb/2023:15:01:58 +0900] "GET /favicon.ico HTTP/1.1" 404 818
0:0:0:0:0:0:0:1 - - [24/Feb/2023:15:02:07 +0900] "GET /springweb/resources/sample01/testController08.html HTTP/1.1" 304 -
0:0:0:0:0:0:0:1 - - [24/Feb/2023:15:02:13 +0900] "POST /springweb/testController08/userEL HTTP/1.1" 200 853
0:0:0:0:0:0:0:1 - - [24/Feb/2023:15:02:59 +0900] "POST /springweb/testController08/userEL HTTP/1.1" 200 865
127.0.0.1 - - [24/Feb/2023:15:04:13 +0900] "GET / HTTP/1.1" 404 807
0:0:0:0:0:0:0:1 - - [24/Feb/2023:15:04:34 +0900] "GET /springweb/resources/sample01/testController08.html HTTP/1.1" 304 -
0:0:0:0:0:0:0:1 - - [24/Feb/2023:15:04:38 +0900] "POST /springweb/testController08/userEL HTTP/1.1" 200 866
127.0.0.1 - - [24/Feb/2023:15:07:28 +0900] "GET / HTTP/1.1" 404 807
127.0.0.1 - - [24/Feb/2023:16:48:23 +0900] "GET / HTTP/1.1" 404 807
0:0:0:0:0:0:0:1 - - [24/Feb/2023:16:49:01 +0900] "GET /springweb/resources/sample02/tlgk.html HTTP/1.1" 200 607
0:0:0:0:0:0:0:1 - - [24/Feb/2023:16:49:10 +0900] "POST /springweb/cal.do HTTP/1.1" 404 827
0:0:0:0:0:0:0:1 - - [24/Feb/2023:16:49:14 +0900] "POST /springweb/cal.do HTTP/1.1" 404 827
127.0.0.1 - - [24/Feb/2023:16:53:00 +0900] "GET / HTTP/1.1" 404 807
0:0:0:0:0:0:0:1 - - [24/Feb/2023:16:53:05 +0900] "GET /springweb/resources/sample02/tlgk.html HTTP/1.1" 200 606
0:0:0:0:0:0:0:1 - - [24/Feb/2023:16:53:07 +0900] "POST /springweb/cal.do HTTP/1.1" 500 4562
0:0:0:0:0:0:0:1 - - [24/Feb/2023:16:54:43 +0900] "GET /springweb/resources/sample01/testController08.html HTTP/1.1" 304 -
0:0:0:0:0:0:0:1 - - [24/Feb/2023:16:54:44 +0900] "GET /springweb/resources/sample02/tlgk.html HTTP/1.1" 200 607
0:0:0:0:0:0:0:1 - - [24/Feb/2023:16:54:46 +0900] "POST /springweb/cal.do HTTP/1.1" 404 841
127.0.0.1 - - [24/Feb/2023:16:56:42 +0900] "GET / HTTP/1.1" 404 807
0:0:0:0:0:0:0:1 - - [24/Feb/2023:16:56:46 +0900] "GET /springweb/resources/sample02/tlgk.html HTTP/1.1" 304 -
0:0:0:0:0:0:0:1 - - [24/Feb/2023:16:56:48 +0900] "POST /springweb/cal.do HTTP/1.1" 500 12586
127.0.0.1 - - [24/Feb/2023:16:59:06 +0900] "GET / HTTP/1.1" 404 807
0:0:0:0:0:0:0:1 - - [24/Feb/2023:16:59:11 +0900] "GET /springweb/resources/sample02/tlgk.html HTTP/1.1" 304 -
0:0:0:0:0:0:0:1 - - [24/Feb/2023:16:59:15 +0900] "POST /springweb/cal.do HTTP/1.1" 500 12586
127.0.0.1 - - [24/Feb/2023:16:59:51 +0900] "GET / HTTP/1.1" 404 807
0:0:0:0:0:0:0:1 - - [24/Feb/2023:16:59:58 +0900] "GET /springweb/resources/sample02/tlgk.html HTTP/1.1" 304 -
0:0:0:0:0:0:0:1 - - [24/Feb/2023:17:00:01 +0900] "POST /springweb/cal.do HTTP/1.1" 500 12586
127.0.0.1 - - [24/Feb/2023:17:01:05 +0900] "GET / HTTP/1.1" 404 807
0:0:0:0:0:0:0:1 - - [24/Feb/2023:17:01:10 +0900] "GET /springweb/resources/sample02/tlgk.html HTTP/1.1" 304 -
0:0:0:0:0:0:0:1 - - [24/Feb/2023:17:01:14 +0900] "POST /springweb/cal.do HTTP/1.1" 200 580
127.0.0.1 - - [24/Feb/2023:17:03:15 +0900] "GET / HTTP/1.1" 404 807
0:0:0:0:0:0:0:1 - - [24/Feb/2023:17:03:15 +0900] "GET /springweb/resources/sample02/tlgk.html HTTP/1.1" 304 -
0:0:0:0:0:0:0:1 - - [24/Feb/2023:17:03:19 +0900] "POST /springweb/cal.do HTTP/1.1" 200 584
